test_approved_raw_layout_rejects_unsafe_or_mismatched_content_addresses (test_worksets.WorksetTests.test_approved_raw_layout_rejects_unsafe_or_mismatched_content_addresses) ... ok
test_approved_raw_layout_round_trips_both_representations (test_worksets.WorksetTests.test_approved_raw_layout_round_trips_both_representations) ... ok
test_body_receipt_and_snapshot_envelopes_are_explicit (test_worksets.WorksetTests.test_body_receipt_and_snapshot_envelopes_are_explicit) ... ok
test_changed_context_or_content_changes_identity (test_worksets.WorksetTests.test_changed_context_or_content_changes_identity) ... ok
test_common_records_have_complete_detached_mapping_round_trips (test_worksets.WorksetTests.test_common_records_have_complete_detached_mapping_round_trips) ... ok
test_common_records_reject_mutable_wrong_typed_fields (test_worksets.WorksetTests.test_common_records_reject_mutable_wrong_typed_fields) ... ok
test_daily_directory_day_label_round_trips_multiple_exact_sources (test_worksets.WorksetTests.test_daily_directory_day_label_round_trips_multiple_exact_sources) ... ok
test_decoder_rejects_versions_unknown_fields_timestamps_and_hashes (test_worksets.WorksetTests.test_decoder_rejects_versions_unknown_fields_timestamps_and_hashes) ... ok
test_detached_serializers_and_deep_immutability (test_worksets.WorksetTests.test_detached_serializers_and_deep_immutability) ... ok
test_discover_freezes_explicit_mode_without_rewriting_command (test_worksets.WorksetTests.test_discover_freezes_explicit_mode_without_rewriting_command) ... ok
test_duplicate_sources_and_directory_identity_are_refused (test_worksets.WorksetTests.test_duplicate_sources_and_directory_identity_are_refused) ... ok
test_empty_complete_requires_successful_directory_evidence (test_worksets.WorksetTests.test_empty_complete_requires_successful_directory_evidence) ... ok
test_fixture_clock_override_keeps_exact_auditable_endpoint (test_worksets.WorksetTests.test_fixture_clock_override_keeps_exact_auditable_endpoint) ... ok
test_member_order_does_not_change_workset_identity (test_worksets.WorksetTests.test_member_order_does_not_change_workset_identity) ... ok
test_open_endpoint_matches_exact_resolution_in_constructor_and_decoders (test_worksets.WorksetTests.test_open_endpoint_matches_exact_resolution_in_constructor_and_decoders) ... ok
test_snapshot_decoder_rejects_rehashed_kind_and_envelope_mismatch (test_worksets.WorksetTests.test_snapshot_decoder_rejects_rehashed_kind_and_envelope_mismatch) ... ok
test_snapshot_decoder_rejects_rehashed_wrong_directory_or_source_identity (test_worksets.WorksetTests.test_snapshot_decoder_rejects_rehashed_wrong_directory_or_source_identity) ... ok
test_snapshot_decoder_rejects_rehashed_wrong_source_period (test_worksets.WorksetTests.test_snapshot_decoder_rejects_rehashed_wrong_source_period) ... ok
test_snapshot_requires_exact_members_and_immutable_raw_reference (test_worksets.WorksetTests.test_snapshot_requires_exact_members_and_immutable_raw_reference) ... ok
test_version_and_directory_content_are_part_of_identity (test_worksets.WorksetTests.test_version_and_directory_content_are_part_of_identity) ... ok

----------------------------------------------------------------------
Ran 20 tests in 0.213s

OK
