Using Python 3.14.0 environment at: /var/folders/3m/6f8zc0l14dn8yz2x8yy2_3mw0000gn/T/sec-edgar-wheel-5ufv5ml9/fresh-env
Resolved 20 packages in 2ms
Prepared 20 packages in 70ms
Installed 20 packages in 23ms
 + azure-core==1.41.0
 + azure-data-tables==12.7.0
 + azure-identity==1.26.0
 + azure-storage-blob==12.31.0
 + certifi==2026.7.22
 + cffi==2.1.1
 + charset-normalizer==3.5.2
 + cryptography==50.0.2
 + idna==3.20
 + isodate==0.7.2
 + msal==1.39.0
 + msal-extensions==1.3.1
 + multidict==7.0.0
 + propcache==0.5.4
 + pycparser==3.0
 + pyjwt==2.15.1
 + requests==2.34.2
 + typing-extensions==4.16.0
 + urllib3==2.8.0
 + yarl==1.25.1
